2025-01-22 12:22:30,807 - INFO - Simulation prameters

2025-01-22 12:22:30,808 - INFO - Mesh: input_data/bay.msh
2025-01-22 12:22:30,808 - INFO - Restart file: input/solution.txt
2025-01-22 12:22:30,808 - INFO - Number of steps: 500
2025-01-22 12:22:30,808 - INFO - Time start: 0.1
2025-01-22 12:22:30,808 - INFO - Time end: 0.2
2025-01-22 12:22:30,808 - INFO - Delta t: 0.0002
2025-01-22 12:22:30,808 - INFO - Wrie frequency: 10
2025-01-22 12:22:30,809 - INFO - Fishing area: [[0.0, 0.45], [0.0, 0.2]]

2025-01-22 12:22:30,833 - INFO - Cells read into Sim_Mesh
2025-01-22 12:22:30,839 - INFO - Coordinates stored in all cells
2025-01-22 12:22:30,841 - INFO - Midpoint calculated for all cells in mesh
2025-01-22 12:22:43,741 - INFO - Neighbors for cells computed
2025-01-22 12:22:45,038 - INFO - Normals calculated for all cells in mesh
2025-01-22 12:22:45,044 - INFO - Flowfiels calculated for all cells in mesh
2025-01-22 12:22:45,057 - INFO - Initial oil calculated for all triangle cells in mesh
2025-01-22 12:22:45,062 - INFO - Area calculated for all triangle cells in mesh
2025-01-22 12:22:45,064 - INFO - Cells inside area found
2025-01-22 12:22:45,221 - INFO - Amount of oil in area at time None: 0.03405006841967513
2025-01-22 12:22:47,065 - INFO - Plot nr. 1 of 10 has been plotted

2025-01-22 12:22:49,525 - INFO - Amount of oil in area at time None: 0.04274190300152307
2025-01-22 12:22:51,399 - INFO - Plot nr. 2 of 10 has been plotted

2025-01-22 12:22:53,665 - INFO - Amount of oil in area at time None: 0.053296573631223615
2025-01-22 12:22:55,611 - INFO - Plot nr. 3 of 10 has been plotted

2025-01-22 12:22:57,857 - INFO - Amount of oil in area at time None: 0.0661447326486876
2025-01-22 12:22:59,923 - INFO - Plot nr. 4 of 10 has been plotted

2025-01-22 12:23:02,281 - INFO - Amount of oil in area at time None: 0.08174589652593453
2025-01-22 12:23:04,521 - INFO - Plot nr. 5 of 10 has been plotted

2025-01-22 12:23:07,104 - INFO - Amount of oil in area at time None: 0.100613662663737
2025-01-22 12:23:09,081 - INFO - Plot nr. 6 of 10 has been plotted

2025-01-22 12:23:11,571 - INFO - Amount of oil in area at time None: 0.12332783117805396
2025-01-22 12:23:13,765 - INFO - Plot nr. 7 of 10 has been plotted

2025-01-22 12:23:16,193 - INFO - Amount of oil in area at time None: 0.1505418684724936
2025-01-22 12:23:18,466 - INFO - Plot nr. 8 of 10 has been plotted

2025-01-22 12:23:20,808 - INFO - Amount of oil in area at time None: 0.18298832716778515
2025-01-22 12:23:22,834 - INFO - Plot nr. 9 of 10 has been plotted

2025-01-22 12:23:25,147 - INFO - Amount of oil in area at time None: 0.2214829549448462
2025-01-22 12:23:26,955 - INFO - Plot nr. 10 of 10 has been plotted

2025-01-22 12:33:10,215 - INFO - Simulation prameters

2025-01-22 12:33:10,216 - INFO - Mesh: input_data/bay.msh
2025-01-22 12:33:10,216 - INFO - Restart file: input/solution.txt
2025-01-22 12:33:10,216 - INFO - Number of steps: 500
2025-01-22 12:33:10,216 - INFO - Time start: 0.1
2025-01-22 12:33:10,216 - INFO - Time end: 0.2
2025-01-22 12:33:10,216 - INFO - Delta t: 0.0002
2025-01-22 12:33:10,216 - INFO - Wrie frequency: 10
2025-01-22 12:33:10,216 - INFO - Fishing area: [[0.0, 0.45], [0.0, 0.2]]

2025-01-22 12:33:10,234 - INFO - Cells read into Sim_Mesh
2025-01-22 12:33:10,239 - INFO - Coordinates stored in all cells
2025-01-22 12:33:10,241 - INFO - Midpoint calculated for all cells in mesh
2025-01-22 12:33:21,903 - INFO - Neighbors for cells computed
2025-01-22 12:33:23,010 - INFO - Normals calculated for all cells in mesh
2025-01-22 12:33:23,012 - INFO - Flowfiels calculated for all cells in mesh
2025-01-22 12:33:23,025 - INFO - Initial oil calculated for all triangle cells in mesh
2025-01-22 12:33:23,030 - INFO - Area calculated for all triangle cells in mesh
2025-01-22 12:33:23,031 - INFO - Cells inside area found
2025-01-22 12:33:23,171 - INFO - Amount of oil in area at time None: 0.03405006841967513
2025-01-22 12:33:24,896 - INFO - Plot nr. 1 of 10 has been plotted

2025-01-22 12:33:27,131 - INFO - Amount of oil in area at time None: 0.04274190300152307
2025-01-22 12:33:29,025 - INFO - Plot nr. 2 of 10 has been plotted

2025-01-22 12:33:31,392 - INFO - Amount of oil in area at time None: 0.053296573631223615
2025-01-22 12:33:33,278 - INFO - Plot nr. 3 of 10 has been plotted

2025-01-22 12:33:35,514 - INFO - Amount of oil in area at time None: 0.0661447326486876
2025-01-22 12:33:37,529 - INFO - Plot nr. 4 of 10 has been plotted

2025-01-22 12:33:39,802 - INFO - Amount of oil in area at time None: 0.08174589652593453
2025-01-22 12:33:41,903 - INFO - Plot nr. 5 of 10 has been plotted

2025-01-22 12:33:44,129 - INFO - Amount of oil in area at time None: 0.100613662663737
2025-01-22 12:33:46,206 - INFO - Plot nr. 6 of 10 has been plotted

2025-01-22 12:33:48,603 - INFO - Amount of oil in area at time None: 0.12332783117805396
2025-01-22 12:33:50,619 - INFO - Plot nr. 7 of 10 has been plotted

2025-01-22 12:33:52,853 - INFO - Amount of oil in area at time None: 0.1505418684724936
2025-01-22 12:33:54,923 - INFO - Plot nr. 8 of 10 has been plotted

2025-01-22 12:33:57,208 - INFO - Amount of oil in area at time None: 0.18298832716778515
2025-01-22 12:33:59,729 - INFO - Plot nr. 9 of 10 has been plotted

2025-01-22 12:34:01,969 - INFO - Amount of oil in area at time None: 0.2214829549448462
2025-01-22 12:34:03,936 - INFO - Plot nr. 10 of 10 has been plotted

2025-01-22 12:35:34,562 - INFO - Simulation prameters

2025-01-22 12:35:34,563 - INFO - Mesh: input_data/bay.msh
2025-01-22 12:35:34,563 - INFO - Restart file: input/solution.txt
2025-01-22 12:35:34,563 - INFO - Number of steps: 500
2025-01-22 12:35:34,563 - INFO - Time start: 0.1
2025-01-22 12:35:34,564 - INFO - Time end: 0.2
2025-01-22 12:35:34,564 - INFO - Delta t: 0.0002
2025-01-22 12:35:34,564 - INFO - Wrie frequency: 10
2025-01-22 12:35:34,564 - INFO - Fishing area: [[0.0, 0.45], [0.0, 0.2]]

2025-01-22 12:35:34,593 - INFO - Cells read into Sim_Mesh
2025-01-22 12:35:34,606 - INFO - Coordinates stored in all cells
2025-01-22 12:35:34,610 - INFO - Midpoint calculated for all cells in mesh
2025-01-22 12:35:46,651 - INFO - Neighbors for cells computed
2025-01-22 12:35:47,756 - INFO - Normals calculated for all cells in mesh
2025-01-22 12:35:47,759 - INFO - Flowfiels calculated for all cells in mesh
2025-01-22 12:35:47,771 - INFO - Initial oil calculated for all triangle cells in mesh
2025-01-22 12:35:47,776 - INFO - Area calculated for all triangle cells in mesh
2025-01-22 12:35:47,777 - INFO - Cells inside area found
2025-01-22 12:35:47,898 - INFO - Amount of oil in area at time None: 0.03405006841967513
2025-01-22 12:35:49,616 - INFO - Plot nr. 1 of 10 has been plotted

2025-01-22 12:35:51,827 - INFO - Amount of oil in area at time None: 0.04274190300152307
2025-01-22 12:35:53,761 - INFO - Plot nr. 2 of 10 has been plotted

2025-01-22 12:35:56,295 - INFO - Amount of oil in area at time None: 0.053296573631223615
2025-01-22 12:35:58,408 - INFO - Plot nr. 3 of 10 has been plotted

2025-01-22 12:36:00,898 - INFO - Amount of oil in area at time None: 0.0661447326486876
2025-01-22 12:36:03,206 - INFO - Plot nr. 4 of 10 has been plotted

2025-01-22 12:36:05,552 - INFO - Amount of oil in area at time None: 0.08174589652593453
2025-01-22 12:36:07,776 - INFO - Plot nr. 5 of 10 has been plotted

2025-01-22 12:36:10,177 - INFO - Amount of oil in area at time None: 0.100613662663737
2025-01-22 12:36:12,236 - INFO - Plot nr. 6 of 10 has been plotted

2025-01-22 12:36:14,536 - INFO - Amount of oil in area at time None: 0.12332783117805396
2025-01-22 12:36:16,819 - INFO - Plot nr. 7 of 10 has been plotted

2025-01-22 12:36:19,129 - INFO - Amount of oil in area at time None: 0.1505418684724936
2025-01-22 12:36:21,263 - INFO - Plot nr. 8 of 10 has been plotted

2025-01-22 12:36:23,151 - INFO - Amount of oil in area at time None: 0.18298832716778515
2025-01-22 12:36:25,223 - INFO - Plot nr. 9 of 10 has been plotted

2025-01-22 12:36:27,210 - INFO - Amount of oil in area at time None: 0.2214829549448462
2025-01-22 12:36:29,101 - INFO - Plot nr. 10 of 10 has been plotted

2025-01-22 13:19:22,256 - INFO - Simulation prameters

2025-01-22 13:19:22,256 - INFO - Mesh: input_data/bay.msh
2025-01-22 13:19:22,256 - INFO - Number of steps: 500
2025-01-22 13:19:22,256 - INFO - Time start: 0
2025-01-22 13:19:22,256 - INFO - Time end: 1.5
2025-01-22 13:19:22,257 - INFO - Delta t: 0.003
2025-01-22 13:19:22,257 - INFO - Wrie frequency: 10
2025-01-22 13:19:22,257 - INFO - Fishing area: [[0.0, 0.45], [0.0, 0.2]]

2025-01-22 13:19:22,273 - INFO - Cells read into Sim_Mesh
2025-01-22 13:19:22,276 - INFO - Coordinates stored in all cells
2025-01-22 13:19:22,278 - INFO - Midpoint calculated for all cells in mesh
2025-01-22 13:19:31,579 - INFO - Neighbors for cells computed
2025-01-22 13:19:32,456 - INFO - Normals calculated for all cells in mesh
2025-01-22 13:19:32,458 - INFO - Flowfiels calculated for all cells in mesh
2025-01-22 13:19:32,469 - INFO - Initial oil calculated for all triangle cells in mesh
2025-01-22 13:19:32,473 - INFO - Area calculated for all triangle cells in mesh
2025-01-22 13:19:32,474 - INFO - Cells inside area found
2025-01-22 13:19:32,588 - INFO - Amount of oil in area at time None: 0.03405006841967513
2025-01-22 13:19:33,990 - INFO - Plot nr. 1 of 10 has been plotted

2025-01-22 13:19:35,606 - INFO - Amount of oil in area at time None: 0.7987395590066823
2025-01-22 13:19:37,116 - INFO - Plot nr. 2 of 10 has been plotted

2025-01-22 13:19:38,807 - INFO - Amount of oil in area at time None: 6.077164775172123
2025-01-22 13:19:40,503 - INFO - Plot nr. 3 of 10 has been plotted

2025-01-22 13:19:42,384 - INFO - Amount of oil in area at time None: 18.67671903966614
2025-01-22 13:19:44,281 - INFO - Plot nr. 4 of 10 has been plotted

2025-01-22 13:19:45,998 - INFO - Amount of oil in area at time None: 29.41530525710942
2025-01-22 13:19:47,892 - INFO - Plot nr. 5 of 10 has been plotted

2025-01-22 13:19:49,601 - INFO - Amount of oil in area at time None: 28.34603780515342
2025-01-22 13:19:51,277 - INFO - Plot nr. 6 of 10 has been plotted

2025-01-22 13:19:52,997 - INFO - Amount of oil in area at time None: 18.122261306210646
2025-01-22 13:19:54,901 - INFO - Plot nr. 7 of 10 has been plotted

2025-01-22 13:19:56,634 - INFO - Amount of oil in area at time None: 7.618988884254849
2025-01-22 13:19:58,495 - INFO - Plot nr. 8 of 10 has been plotted

2025-01-22 13:20:00,214 - INFO - Amount of oil in area at time None: 2.044611798066782
2025-01-22 13:20:02,113 - INFO - Plot nr. 9 of 10 has been plotted

2025-01-22 13:20:03,864 - INFO - Amount of oil in area at time None: 0.3504949762549189
2025-01-22 13:20:05,521 - INFO - Plot nr. 10 of 10 has been plotted

2025-01-22 13:20:07,129 - INFO - Max amount of oil in area: 29.41530525710942
2025-01-22 13:28:22,367 - INFO - Simulation prameters

2025-01-22 13:28:22,368 - INFO - Mesh: input_data/bay.msh
2025-01-22 13:28:22,368 - INFO - Number of steps: 500
2025-01-22 13:28:22,368 - INFO - Time start: 0
2025-01-22 13:28:22,368 - INFO - Time end: 1.5
2025-01-22 13:28:22,368 - INFO - Delta t: 0.003
2025-01-22 13:28:22,369 - INFO - Wrie frequency: 10
2025-01-22 13:28:22,369 - INFO - Fishing area: [[0.0, 0.45], [0.0, 0.2]]

2025-01-22 13:28:22,384 - INFO - Cells read into Sim_Mesh
2025-01-22 13:28:22,388 - INFO - Coordinates stored in all cells
2025-01-22 13:28:22,390 - INFO - Midpoint calculated for all cells in mesh
2025-01-22 13:28:31,830 - INFO - Neighbors for cells computed
2025-01-22 13:28:32,711 - INFO - Normals calculated for all cells in mesh
2025-01-22 13:28:32,714 - INFO - Flowfiels calculated for all cells in mesh
2025-01-22 13:28:32,724 - INFO - Initial oil calculated for all triangle cells in mesh
2025-01-22 13:28:32,728 - INFO - Area calculated for all triangle cells in mesh
2025-01-22 13:28:32,729 - INFO - Cells inside area found
2025-01-22 13:28:32,854 - INFO - Amount of oil in area at time None: 0.03405006841967513
2025-01-22 13:28:34,251 - INFO - Plot nr. 1 of 10 has been plotted

2025-01-22 13:28:35,913 - INFO - Amount of oil in area at time None: 0.7987395590066823
2025-01-22 13:28:37,453 - INFO - Plot nr. 2 of 10 has been plotted

2025-01-22 13:28:39,071 - INFO - Amount of oil in area at time None: 6.077164775172123
2025-01-22 13:28:40,612 - INFO - Plot nr. 3 of 10 has been plotted

2025-01-22 13:28:42,252 - INFO - Amount of oil in area at time None: 18.67671903966614
2025-01-22 13:28:43,970 - INFO - Plot nr. 4 of 10 has been plotted

2025-01-22 13:28:45,595 - INFO - Amount of oil in area at time None: 29.41530525710942
2025-01-22 13:28:47,382 - INFO - Plot nr. 5 of 10 has been plotted

2025-01-22 13:28:49,081 - INFO - Amount of oil in area at time None: 28.34603780515342
2025-01-22 13:28:50,754 - INFO - Plot nr. 6 of 10 has been plotted

2025-01-22 13:28:52,452 - INFO - Amount of oil in area at time None: 18.122261306210646
2025-01-22 13:28:54,277 - INFO - Plot nr. 7 of 10 has been plotted

2025-01-22 13:28:55,954 - INFO - Amount of oil in area at time None: 7.618988884254849
2025-01-22 13:28:57,777 - INFO - Plot nr. 8 of 10 has been plotted

2025-01-22 13:28:59,481 - INFO - Amount of oil in area at time None: 2.044611798066782
2025-01-22 13:29:01,383 - INFO - Plot nr. 9 of 10 has been plotted

2025-01-22 13:29:03,081 - INFO - Amount of oil in area at time None: 0.3504949762549189
2025-01-22 13:29:04,722 - INFO - Plot nr. 10 of 10 has been plotted

2025-01-22 13:29:06,371 - INFO - Max amount of oil in area: 29.41530525710942
2025-01-22 13:38:55,797 - INFO - Simulation prameters

2025-01-22 13:38:55,797 - INFO - Mesh: input_data/bay.msh
2025-01-22 13:38:55,797 - INFO - Restart file: input/solution.txt
2025-01-22 13:38:55,798 - INFO - Number of steps: 500
2025-01-22 13:38:55,798 - INFO - Time start: 0
2025-01-22 13:38:55,798 - INFO - Time end: 1.5
2025-01-22 13:38:55,798 - INFO - Delta t: 0.003
2025-01-22 13:38:55,798 - INFO - Wrie frequency: 10
2025-01-22 13:38:55,798 - INFO - Fishing area: [[0.0, 0.45], [0.0, 0.2]]

2025-01-22 13:38:55,813 - INFO - Cells read into Sim_Mesh
2025-01-22 13:38:55,818 - INFO - Coordinates stored in all cells
2025-01-22 13:38:55,819 - INFO - Midpoint calculated for all cells in mesh
2025-01-22 13:39:05,763 - INFO - Neighbors for cells computed
2025-01-22 13:39:06,687 - INFO - Normals calculated for all cells in mesh
2025-01-22 13:39:06,689 - INFO - Flowfiels calculated for all cells in mesh
2025-01-22 13:39:06,700 - INFO - Initial oil calculated for all triangle cells in mesh
2025-01-22 13:39:06,704 - INFO - Area calculated for all triangle cells in mesh
2025-01-22 13:39:06,707 - INFO - Cells inside area found
2025-01-22 13:39:06,833 - INFO - Amount of oil in area at time None: 0.03405006841967513
2025-01-22 13:39:08,311 - INFO - Plot nr. 1 of 10 has been plotted

2025-01-22 13:39:10,053 - INFO - Amount of oil in area at time None: 0.7987395590066823
2025-01-22 13:39:11,670 - INFO - Plot nr. 2 of 10 has been plotted

2025-01-22 13:39:13,402 - INFO - Amount of oil in area at time None: 6.077164775172123
2025-01-22 13:39:15,044 - INFO - Plot nr. 3 of 10 has been plotted

2025-01-22 13:39:16,738 - INFO - Amount of oil in area at time None: 18.67671903966614
2025-01-22 13:39:18,520 - INFO - Plot nr. 4 of 10 has been plotted

2025-01-22 13:39:20,214 - INFO - Amount of oil in area at time None: 29.41530525710942
2025-01-22 13:39:22,059 - INFO - Plot nr. 5 of 10 has been plotted

2025-01-22 13:39:23,803 - INFO - Amount of oil in area at time None: 28.34603780515342
2025-01-22 13:39:25,461 - INFO - Plot nr. 6 of 10 has been plotted

2025-01-22 13:39:27,214 - INFO - Amount of oil in area at time None: 18.122261306210646
2025-01-22 13:39:29,084 - INFO - Plot nr. 7 of 10 has been plotted

2025-01-22 13:39:30,859 - INFO - Amount of oil in area at time None: 7.618988884254849
2025-01-22 13:39:32,717 - INFO - Plot nr. 8 of 10 has been plotted

2025-01-22 13:39:34,641 - INFO - Amount of oil in area at time None: 2.044611798066782
2025-01-22 13:39:36,711 - INFO - Plot nr. 9 of 10 has been plotted

2025-01-22 13:39:38,409 - INFO - Amount of oil in area at time None: 0.3504949762549189
2025-01-22 13:39:40,087 - INFO - Plot nr. 10 of 10 has been plotted

2025-01-22 13:39:41,800 - INFO - Max amount of oil in area: 29.41530525710942
2025-01-22 13:42:33,502 - INFO - Simulation prameters

2025-01-22 13:42:33,502 - INFO - Mesh: input_data/bay.msh
2025-01-22 13:42:33,502 - INFO - Restart file: input/solution.txt
2025-01-22 13:42:33,502 - INFO - Number of steps: 500
2025-01-22 13:42:33,502 - INFO - Time start: 0
2025-01-22 13:42:33,502 - INFO - Time end: 1.5
2025-01-22 13:42:33,503 - INFO - Delta t: 0.003
2025-01-22 13:42:33,503 - INFO - Wrie frequency: 10
2025-01-22 13:42:33,503 - INFO - Fishing area: [[0.0, 0.45], [0.0, 0.2]]

2025-01-22 13:42:33,520 - INFO - Cells read into Sim_Mesh
2025-01-22 13:42:33,525 - INFO - Coordinates stored in all cells
2025-01-22 13:42:33,527 - INFO - Midpoint calculated for all cells in mesh
2025-01-22 13:42:43,848 - INFO - Neighbors for cells computed
2025-01-22 13:42:44,787 - INFO - Normals calculated for all cells in mesh
2025-01-22 13:42:44,789 - INFO - Flowfiels calculated for all cells in mesh
2025-01-22 13:42:44,800 - INFO - Initial oil calculated for all triangle cells in mesh
2025-01-22 13:42:44,805 - INFO - Area calculated for all triangle cells in mesh
2025-01-22 13:42:44,806 - INFO - Cells inside area found
2025-01-22 13:42:44,922 - INFO - Amount of oil in area at time None: 0.03405006841967513
2025-01-22 13:42:46,412 - INFO - Plot nr. 1 of 10 has been plotted

2025-01-22 13:42:48,248 - INFO - Amount of oil in area at time None: 0.7987395590066823
2025-01-22 13:42:50,107 - INFO - Plot nr. 2 of 10 has been plotted

2025-01-22 13:42:51,880 - INFO - Amount of oil in area at time None: 6.077164775172123
2025-01-22 13:42:53,551 - INFO - Plot nr. 3 of 10 has been plotted

2025-01-22 13:42:55,301 - INFO - Amount of oil in area at time None: 18.67671903966614
2025-01-22 13:42:57,162 - INFO - Plot nr. 4 of 10 has been plotted

2025-01-22 13:42:58,916 - INFO - Amount of oil in area at time None: 29.41530525710942
2025-01-22 13:43:00,897 - INFO - Plot nr. 5 of 10 has been plotted

2025-01-22 13:43:02,642 - INFO - Amount of oil in area at time None: 28.34603780515342
2025-01-22 13:43:04,463 - INFO - Plot nr. 6 of 10 has been plotted

2025-01-22 13:43:06,183 - INFO - Amount of oil in area at time None: 18.122261306210646
2025-01-22 13:43:08,028 - INFO - Plot nr. 7 of 10 has been plotted

2025-01-22 13:43:09,767 - INFO - Amount of oil in area at time None: 7.618988884254849
2025-01-22 13:43:11,606 - INFO - Plot nr. 8 of 10 has been plotted

2025-01-22 13:43:13,392 - INFO - Amount of oil in area at time None: 2.044611798066782
2025-01-22 13:43:15,363 - INFO - Plot nr. 9 of 10 has been plotted

2025-01-22 13:43:17,245 - INFO - Amount of oil in area at time None: 0.3504949762549189
2025-01-22 13:43:19,045 - INFO - Plot nr. 10 of 10 has been plotted

2025-01-22 13:43:20,782 - INFO - Max amount of oil in area: 29.41530525710942
2025-01-26 08:55:41,265 - INFO - Simulation prameters

2025-01-26 08:55:41,266 - INFO - Mesh: input_data/bay.msh
2025-01-26 08:55:41,266 - INFO - Restart file: input/solution.txt
2025-01-26 08:55:41,266 - INFO - Number of steps: 500
2025-01-26 08:55:41,266 - INFO - Time start: 0
2025-01-26 08:55:41,268 - INFO - Time end: 1.5
2025-01-26 08:55:41,268 - INFO - Delta t: 0.003
2025-01-26 08:55:41,268 - INFO - Wrie frequency: 10
2025-01-26 08:55:41,268 - INFO - Fishing area: [[0.0, 0.45], [0.0, 0.2]]

2025-01-26 08:55:41,290 - INFO - Cells read into Sim_Mesh
2025-01-26 08:55:50,495 - INFO - Neighbors for cells computed
2025-01-26 08:56:13,620 - INFO - Simulation prameters

2025-01-26 08:56:13,620 - INFO - Mesh: input_data/bay.msh
2025-01-26 08:56:13,620 - INFO - Restart file: input/solution.txt
2025-01-26 08:56:13,620 - INFO - Number of steps: 500
2025-01-26 08:56:13,620 - INFO - Time start: 0
2025-01-26 08:56:13,620 - INFO - Time end: 1.5
2025-01-26 08:56:13,620 - INFO - Delta t: 0.003
2025-01-26 08:56:13,621 - INFO - Wrie frequency: 10
2025-01-26 08:56:13,621 - INFO - Fishing area: [[0.0, 0.45], [0.0, 0.2]]

2025-01-26 08:56:13,635 - INFO - Cells read into Sim_Mesh
2025-01-26 08:56:13,640 - INFO - Coordinates stored in all cells
2025-01-26 08:56:13,641 - INFO - Midpoint calculated for all cells in mesh
2025-01-26 08:56:22,902 - INFO - Neighbors for cells computed
2025-01-26 08:56:23,815 - INFO - Normals calculated for all cells in mesh
2025-01-26 08:56:23,817 - INFO - Flowfiels calculated for all cells in mesh
2025-01-26 08:56:23,828 - INFO - Initial oil calculated for all triangle cells in mesh
2025-01-26 08:56:23,832 - INFO - Area calculated for all triangle cells in mesh
2025-01-26 08:56:23,833 - INFO - Cells inside area found
2025-01-26 08:56:24,332 - INFO - Amount of oil in area at time None: 0.03405006841967513
2025-01-26 08:56:25,804 - INFO - Plot nr. 1 of 10 has been plotted

2025-01-26 08:56:27,423 - INFO - Amount of oil in area at time None: 0.7987395590066823
2025-01-26 08:56:29,014 - INFO - Plot nr. 2 of 10 has been plotted

2025-01-26 08:56:30,579 - INFO - Amount of oil in area at time None: 6.077164775172123
2025-01-26 08:56:32,179 - INFO - Plot nr. 3 of 10 has been plotted

2025-01-26 08:56:33,796 - INFO - Amount of oil in area at time None: 18.67671903966614
2025-01-26 08:56:35,554 - INFO - Plot nr. 4 of 10 has been plotted

2025-01-26 08:56:37,175 - INFO - Amount of oil in area at time None: 29.41530525710942
2025-01-26 08:56:39,010 - INFO - Plot nr. 5 of 10 has been plotted

2025-01-26 08:56:40,632 - INFO - Amount of oil in area at time None: 28.34603780515342
2025-01-26 08:56:42,227 - INFO - Plot nr. 6 of 10 has been plotted

2025-01-26 08:56:43,885 - INFO - Amount of oil in area at time None: 18.122261306210646
2025-01-26 08:56:45,684 - INFO - Plot nr. 7 of 10 has been plotted

2025-01-26 08:56:47,284 - INFO - Amount of oil in area at time None: 7.618988884254849
2025-01-26 08:56:49,141 - INFO - Plot nr. 8 of 10 has been plotted

2025-01-26 08:56:50,750 - INFO - Amount of oil in area at time None: 2.044611798066782
2025-01-26 08:56:52,706 - INFO - Plot nr. 9 of 10 has been plotted

2025-01-26 08:56:54,389 - INFO - Amount of oil in area at time None: 0.3504949762549189
2025-01-26 08:56:56,039 - INFO - Plot nr. 10 of 10 has been plotted

2025-01-26 08:56:57,618 - INFO - Max amount of oil in area: 29.41530525710942
2025-01-26 08:57:03,428 - INFO - Data stored and written to file input\restartfile.csv.csv
2025-01-26 09:01:56,472 - INFO - Simulation prameters

2025-01-26 09:01:56,472 - INFO - Mesh: input_data/bay.msh
2025-01-26 09:01:56,472 - INFO - Restart file: input/solution.txt
2025-01-26 09:01:56,472 - INFO - Number of steps: 500
2025-01-26 09:01:56,472 - INFO - Time start: 0
2025-01-26 09:01:56,473 - INFO - Time end: 1.5
2025-01-26 09:01:56,473 - INFO - Delta t: 0.003
2025-01-26 09:01:56,473 - INFO - Wrie frequency: 10
2025-01-26 09:01:56,473 - INFO - Fishing area: [[0.0, 0.45], [0.0, 0.2]]

2025-01-26 09:01:56,488 - INFO - Cells read into Sim_Mesh
2025-01-26 09:02:05,479 - INFO - Neighbors for cells computed
2025-01-26 09:02:05,484 - INFO - Coordinates stored in all cells
2025-01-26 09:02:05,485 - INFO - Midpoint calculated for all cells in mesh
2025-01-26 09:02:06,406 - INFO - Normals calculated for all cells in mesh
2025-01-26 09:02:06,408 - INFO - Flowfiels calculated for all cells in mesh
2025-01-26 09:02:06,419 - INFO - Initial oil calculated for all triangle cells in mesh
2025-01-26 09:02:06,423 - INFO - Area calculated for all triangle cells in mesh
2025-01-26 09:02:06,424 - INFO - Cells inside area found
2025-01-26 09:02:06,542 - INFO - Amount of oil in area at time None: 0.03405006841967513
2025-01-26 09:02:08,004 - INFO - Plot nr. 1 of 10 has been plotted

2025-01-26 09:02:09,605 - INFO - Amount of oil in area at time None: 0.7987395590066823
2025-01-26 09:02:11,185 - INFO - Plot nr. 2 of 10 has been plotted

2025-01-26 09:02:12,766 - INFO - Amount of oil in area at time None: 6.077164775172123
2025-01-26 09:02:14,355 - INFO - Plot nr. 3 of 10 has been plotted

2025-01-26 09:02:15,974 - INFO - Amount of oil in area at time None: 18.67671903966614
2025-01-26 09:02:17,717 - INFO - Plot nr. 4 of 10 has been plotted

2025-01-26 09:02:19,317 - INFO - Amount of oil in area at time None: 29.41530525710942
2025-01-26 09:02:21,135 - INFO - Plot nr. 5 of 10 has been plotted

2025-01-26 09:02:22,763 - INFO - Amount of oil in area at time None: 28.34603780515342
2025-01-26 09:02:24,367 - INFO - Plot nr. 6 of 10 has been plotted

2025-01-26 09:02:26,016 - INFO - Amount of oil in area at time None: 18.122261306210646
2025-01-26 09:02:27,800 - INFO - Plot nr. 7 of 10 has been plotted

2025-01-26 09:02:29,419 - INFO - Amount of oil in area at time None: 7.618988884254849
2025-01-26 09:02:31,231 - INFO - Plot nr. 8 of 10 has been plotted

2025-01-26 09:02:32,872 - INFO - Amount of oil in area at time None: 2.044611798066782
2025-01-26 09:02:34,729 - INFO - Plot nr. 9 of 10 has been plotted

2025-01-26 09:02:36,411 - INFO - Amount of oil in area at time None: 0.3504949762549189
2025-01-26 09:02:38,052 - INFO - Plot nr. 10 of 10 has been plotted

2025-01-26 09:02:39,641 - INFO - Max amount of oil in area: 29.41530525710942
2025-01-26 09:02:44,785 - INFO - Data stored and written to file input\restartfile.csv.csv
2025-01-27 12:33:23,996 - INFO - Simulation prameters

2025-01-27 12:33:23,997 - INFO - Mesh: input_data/bay.msh
2025-01-27 12:33:23,997 - INFO - Restart file: input/solution.txt
2025-01-27 12:33:23,997 - INFO - Number of steps: 500
2025-01-27 12:33:23,998 - INFO - Time start: 0
2025-01-27 12:33:23,998 - INFO - Time end: 1.5
2025-01-27 12:33:23,998 - INFO - Delta t: 0.003
2025-01-27 12:33:23,998 - INFO - Wrie frequency: 10
2025-01-27 12:33:23,998 - INFO - Fishing area: [[0.0, 0.45], [0.0, 0.2]]

2025-01-27 12:33:24,036 - INFO - Cells read into Sim_Mesh
2025-01-27 12:33:24,042 - INFO - Coordinates stored in all cells
2025-01-27 12:33:24,044 - INFO - Midpoint calculated for all cells in mesh
2025-01-27 12:33:24,051 - INFO - Area calculated for all triangle cells in mesh
2025-01-27 12:33:35,163 - INFO - Neighbors for cells computed
2025-01-27 12:33:36,255 - INFO - Normals calculated for all cells in mesh
2025-01-27 12:33:36,258 - INFO - Flowfiels calculated for all cells in mesh
2025-01-27 12:33:36,272 - INFO - Initial oil calculated for all triangle cells in mesh
2025-01-27 12:33:36,274 - INFO - Cells inside area found
2025-01-27 12:33:36,922 - INFO - Amount of oil in area at time None: 0.03405006841967513
2025-01-27 12:33:38,653 - INFO - Plot nr. 1 of 10 has been plotted

2025-01-27 12:33:40,758 - INFO - Amount of oil in area at time None: 0.7987395590066823
2025-01-27 12:33:42,568 - INFO - Plot nr. 2 of 10 has been plotted

2025-01-27 12:33:44,418 - INFO - Amount of oil in area at time None: 6.077164775172123
2025-01-27 12:33:46,246 - INFO - Plot nr. 3 of 10 has been plotted

2025-01-27 12:33:48,117 - INFO - Amount of oil in area at time None: 18.67671903966614
2025-01-27 12:33:50,105 - INFO - Plot nr. 4 of 10 has been plotted

2025-01-27 12:33:52,016 - INFO - Amount of oil in area at time None: 29.41530525710942
2025-01-27 12:33:54,151 - INFO - Plot nr. 5 of 10 has been plotted

